[2m2025-12-28T15:26:43.726268Z[0m [32m INFO[0m [2mrollup_node[0m[2m:[0m Rollup node listening on http://127.0.0.1:8080
[2m2025-12-28T15:26:57.601540Z[0m [34mDEBUG[0m [2mrisc0_zkvm::host::client::prove[0m[2m:[0m version: 3.0.3
[2m2025-12-28T15:26:57.618154Z[0m [34mDEBUG[0m [2mrisc0_zkvm::host::client::prove::external[0m[2m:[0m Launching r0vm
[2m2025-12-28T15:26:57.665041Z[0m [33m WARN[0m [2mrollup_node::proof_adapter[0m[2m:[0m Real prover failed (No such file or directory (os error 2)), falling back to mock proof
[2m2025-12-28T15:26:57.665382Z[0m [33m WARN[0m [2mrollup_node::proof_adapter[0m[2m:[0m Verified as mock proof fallback (real prover unavailable)
[2m2025-12-28T15:27:09.666841Z[0m [34mDEBUG[0m [2mrisc0_zkvm::host::client::prove[0m[2m:[0m version: 3.0.3
[2m2025-12-28T15:27:09.667732Z[0m [34mDEBUG[0m [2mrisc0_zkvm::host::client::prove::external[0m[2m:[0m Launching r0vm
[2m2025-12-28T15:27:09.742883Z[0m [33m WARN[0m [2mrollup_node::proof_adapter[0m[2m:[0m Real prover failed (No such file or directory (os error 2)), falling back to mock proof
[2m2025-12-28T15:27:09.743299Z[0m [33m WARN[0m [2mrollup_node::proof_adapter[0m[2m:[0m Verified as mock proof fallback (real prover unavailable)
[2m2025-12-28T15:27:21.065648Z[0m [34mDEBUG[0m [2mrisc0_zkvm::host::client::prove[0m[2m:[0m version: 3.0.3
[2m2025-12-28T15:27:21.067095Z[0m [34mDEBUG[0m [2mrisc0_zkvm::host::client::prove::external[0m[2m:[0m Launching r0vm
[2m2025-12-28T15:27:21.171084Z[0m [33m WARN[0m [2mrollup_node::proof_adapter[0m[2m:[0m Real prover failed (No such file or directory (os error 2)), falling back to mock proof
[2m2025-12-28T15:27:21.171423Z[0m [33m WARN[0m [2mrollup_node::proof_adapter[0m[2m:[0m Verified as mock proof fallback (real prover unavailable)
[2m2025-12-28T15:27:33.344439Z[0m [34mDEBUG[0m [2mrisc0_zkvm::host::client::prove[0m[2m:[0m version: 3.0.3
[2m2025-12-28T15:27:33.346816Z[0m [34mDEBUG[0m [2mrisc0_zkvm::host::client::prove::external[0m[2m:[0m Launching r0vm
[2m2025-12-28T15:27:33.448981Z[0m [33m WARN[0m [2mrollup_node::proof_adapter[0m[2m:[0m Real prover failed (No such file or directory (os error 2)), falling back to mock proof
[2m2025-12-28T15:27:33.449625Z[0m [33m WARN[0m [2mrollup_node::proof_adapter[0m[2m:[0m Verified as mock proof fallback (real prover unavailable)
[2m2025-12-28T15:27:44.967125Z[0m [34mDEBUG[0m [2mrisc0_zkvm::host::client::prove[0m[2m:[0m version: 3.0.3
[2m2025-12-28T15:27:44.968819Z[0m [34mDEBUG[0m [2mrisc0_zkvm::host::client::prove::external[0m[2m:[0m Launching r0vm
[2m2025-12-28T15:27:45.049305Z[0m [33m WARN[0m [2mrollup_node::proof_adapter[0m[2m:[0m Real prover failed (No such file or directory (os error 2)), falling back to mock proof
[2m2025-12-28T15:27:45.049632Z[0m [33m WARN[0m [2mrollup_node::proof_adapter[0m[2m:[0m Verified as mock proof fallback (real prover unavailable)
[2m2025-12-28T15:27:56.883622Z[0m [34mDEBUG[0m [2mrisc0_zkvm::host::client::prove[0m[2m:[0m version: 3.0.3
[2m2025-12-28T15:27:56.884842Z[0m [34mDEBUG[0m [2mrisc0_zkvm::host::client::prove::external[0m[2m:[0m Launching r0vm
[2m2025-12-28T15:27:56.965833Z[0m [33m WARN[0m [2mrollup_node::proof_adapter[0m[2m:[0m Real prover failed (No such file or directory (os error 2)), falling back to mock proof
[2m2025-12-28T15:27:56.966162Z[0m [33m WARN[0m [2mrollup_node::proof_adapter[0m[2m:[0m Verified as mock proof fallback (real prover unavailable)
[2m2025-12-28T15:28:09.316469Z[0m [34mDEBUG[0m [2mrisc0_zkvm::host::client::prove[0m[2m:[0m version: 3.0.3
[2m2025-12-28T15:28:09.318034Z[0m [34mDEBUG[0m [2mrisc0_zkvm::host::client::prove::external[0m[2m:[0m Launching r0vm
[2m2025-12-28T15:28:09.399013Z[0m [33m WARN[0m [2mrollup_node::proof_adapter[0m[2m:[0m Real prover failed (No such file or directory (os error 2)), falling back to mock proof
[2m2025-12-28T15:28:09.399384Z[0m [33m WARN[0m [2mrollup_node::proof_adapter[0m[2m:[0m Verified as mock proof fallback (real prover unavailable)
[2m2025-12-28T15:28:20.697560Z[0m [34mDEBUG[0m [2mrisc0_zkvm::host::client::prove[0m[2m:[0m version: 3.0.3
[2m2025-12-28T15:28:20.698848Z[0m [34mDEBUG[0m [2mrisc0_zkvm::host::client::prove::external[0m[2m:[0m Launching r0vm
[2m2025-12-28T15:28:20.781962Z[0m [33m WARN[0m [2mrollup_node::proof_adapter[0m[2m:[0m Real prover failed (No such file or directory (os error 2)), falling back to mock proof
[2m2025-12-28T15:28:20.782244Z[0m [33m WARN[0m [2mrollup_node::proof_adapter[0m[2m:[0m Verified as mock proof fallback (real prover unavailable)
[2m2025-12-28T15:28:32.490403Z[0m [34mDEBUG[0m [2mrisc0_zkvm::host::client::prove[0m[2m:[0m version: 3.0.3
[2m2025-12-28T15:28:32.492104Z[0m [34mDEBUG[0m [2mrisc0_zkvm::host::client::prove::external[0m[2m:[0m Launching r0vm
[2m2025-12-28T15:28:32.601558Z[0m [33m WARN[0m [2mrollup_node::proof_adapter[0m[2m:[0m Real prover failed (No such file or directory (os error 2)), falling back to mock proof
[2m2025-12-28T15:28:32.601957Z[0m [33m WARN[0m [2mrollup_node::proof_adapter[0m[2m:[0m Verified as mock proof fallback (real prover unavailable)
[2m2025-12-28T15:28:45.355818Z[0m [34mDEBUG[0m [2mrisc0_zkvm::host::client::prove[0m[2m:[0m version: 3.0.3
[2m2025-12-28T15:28:45.356921Z[0m [34mDEBUG[0m [2mrisc0_zkvm::host::client::prove::external[0m[2m:[0m Launching r0vm
[2m2025-12-28T15:28:45.447188Z[0m [33m WARN[0m [2mrollup_node::proof_adapter[0m[2m:[0m Real prover failed (No such file or directory (os error 2)), falling back to mock proof
[2m2025-12-28T15:28:45.447615Z[0m [33m WARN[0m [2mrollup_node::proof_adapter[0m[2m:[0m Verified as mock proof fallback (real prover unavailable)
[2m2025-12-28T15:28:56.895086Z[0m [34mDEBUG[0m [2mrisc0_zkvm::host::client::prove[0m[2m:[0m version: 3.0.3
[2m2025-12-28T15:28:56.896007Z[0m [34mDEBUG[0m [2mrisc0_zkvm::host::client::prove::external[0m[2m:[0m Launching r0vm
[2m2025-12-28T15:28:56.975718Z[0m [33m WARN[0m [2mrollup_node::proof_adapter[0m[2m:[0m Real prover failed (No such file or directory (os error 2)), falling back to mock proof
[2m2025-12-28T15:28:56.976045Z[0m [33m WARN[0m [2mrollup_node::proof_adapter[0m[2m:[0m Verified as mock proof fallback (real prover unavailable)
[2m2025-12-28T15:29:08.871129Z[0m [34mDEBUG[0m [2mrisc0_zkvm::host::client::prove[0m[2m:[0m version: 3.0.3
[2m2025-12-28T15:29:08.872344Z[0m [34mDEBUG[0m [2mrisc0_zkvm::host::client::prove::external[0m[2m:[0m Launching r0vm
[2m2025-12-28T15:29:08.950535Z[0m [33m WARN[0m [2mrollup_node::proof_adapter[0m[2m:[0m Real prover failed (No such file or directory (os error 2)), falling back to mock proof
[2m2025-12-28T15:29:08.950900Z[0m [33m WARN[0m [2mrollup_node::proof_adapter[0m[2m:[0m Verified as mock proof fallback (real prover unavailable)
[2m2025-12-28T15:29:21.233531Z[0m [34mDEBUG[0m [2mrisc0_zkvm::host::client::prove[0m[2m:[0m version: 3.0.3
[2m2025-12-28T15:29:21.234632Z[0m [34mDEBUG[0m [2mrisc0_zkvm::host::client::prove::external[0m[2m:[0m Launching r0vm
[2m2025-12-28T15:29:21.313784Z[0m [33m WARN[0m [2mrollup_node::proof_adapter[0m[2m:[0m Real prover failed (No such file or directory (os error 2)), falling back to mock proof
[2m2025-12-28T15:29:21.314208Z[0m [33m WARN[0m [2mrollup_node::proof_adapter[0m[2m:[0m Verified as mock proof fallback (real prover unavailable)
[2m2025-12-28T15:29:33.053333Z[0m [34mDEBUG[0m [2mrisc0_zkvm::host::client::prove[0m[2m:[0m version: 3.0.3
[2m2025-12-28T15:29:33.055575Z[0m [34mDEBUG[0m [2mrisc0_zkvm::host::client::prove::external[0m[2m:[0m Launching r0vm
[2m2025-12-28T15:29:33.143601Z[0m [33m WARN[0m [2mrollup_node::proof_adapter[0m[2m:[0m Real prover failed (No such file or directory (os error 2)), falling back to mock proof
[2m2025-12-28T15:29:33.143933Z[0m [33m WARN[0m [2mrollup_node::proof_adapter[0m[2m:[0m Verified as mock proof fallback (real prover unavailable)
[2m2025-12-28T15:29:45.715708Z[0m [34mDEBUG[0m [2mrisc0_zkvm::host::client::prove[0m[2m:[0m version: 3.0.3
[2m2025-12-28T15:29:45.717007Z[0m [34mDEBUG[0m [2mrisc0_zkvm::host::client::prove::external[0m[2m:[0m Launching r0vm
[2m2025-12-28T15:29:45.789787Z[0m [33m WARN[0m [2mrollup_node::proof_adapter[0m[2m:[0m Real prover failed (No such file or directory (os error 2)), falling back to mock proof
[2m2025-12-28T15:29:45.790119Z[0m [33m WARN[0m [2mrollup_node::proof_adapter[0m[2m:[0m Verified as mock proof fallback (real prover unavailable)
[2m2025-12-28T15:29:57.671441Z[0m [34mDEBUG[0m [2mrisc0_zkvm::host::client::prove[0m[2m:[0m version: 3.0.3
[2m2025-12-28T15:29:57.673299Z[0m [34mDEBUG[0m [2mrisc0_zkvm::host::client::prove::external[0m[2m:[0m Launching r0vm
[2m2025-12-28T15:29:57.819722Z[0m [33m WARN[0m [2mrollup_node::proof_adapter[0m[2m:[0m Real prover failed (No such file or directory (os error 2)), falling back to mock proof
[2m2025-12-28T15:29:57.820453Z[0m [33m WARN[0m [2mrollup_node::proof_adapter[0m[2m:[0m Verified as mock proof fallback (real prover unavailable)
[2m2025-12-28T15:30:09.522699Z[0m [34mDEBUG[0m [2mrisc0_zkvm::host::client::prove[0m[2m:[0m version: 3.0.3
[2m2025-12-28T15:30:09.524248Z[0m [34mDEBUG[0m [2mrisc0_zkvm::host::client::prove::external[0m[2m:[0m Launching r0vm
[2m2025-12-28T15:30:09.666455Z[0m [33m WARN[0m [2mrollup_node::proof_adapter[0m[2m:[0m Real prover failed (No such file or directory (os error 2)), falling back to mock proof
[2m2025-12-28T15:30:09.667256Z[0m [33m WARN[0m [2mrollup_node::proof_adapter[0m[2m:[0m Verified as mock proof fallback (real prover unavailable)
[2m2025-12-28T15:30:22.097898Z[0m [34mDEBUG[0m [2mrisc0_zkvm::host::client::prove[0m[2m:[0m version: 3.0.3
[2m2025-12-28T15:30:22.099271Z[0m [34mDEBUG[0m [2mrisc0_zkvm::host::client::prove::external[0m[2m:[0m Launching r0vm
[2m2025-12-28T15:30:22.181115Z[0m [33m WARN[0m [2mrollup_node::proof_adapter[0m[2m:[0m Real prover failed (No such file or directory (os error 2)), falling back to mock proof
[2m2025-12-28T15:30:22.181486Z[0m [33m WARN[0m [2mrollup_node::proof_adapter[0m[2m:[0m Verified as mock proof fallback (real prover unavailable)
[2m2025-12-28T15:30:33.900247Z[0m [34mDEBUG[0m [2mrisc0_zkvm::host::client::prove[0m[2m:[0m version: 3.0.3
[2m2025-12-28T15:30:33.901829Z[0m [34mDEBUG[0m [2mrisc0_zkvm::host::client::prove::external[0m[2m:[0m Launching r0vm
[2m2025-12-28T15:30:33.983288Z[0m [33m WARN[0m [2mrollup_node::proof_adapter[0m[2m:[0m Real prover failed (No such file or directory (os error 2)), falling back to mock proof
[2m2025-12-28T15:30:33.983543Z[0m [33m WARN[0m [2mrollup_node::proof_adapter[0m[2m:[0m Verified as mock proof fallback (real prover unavailable)
[2m2025-12-28T15:30:45.703054Z[0m [34mDEBUG[0m [2mrisc0_zkvm::host::client::prove[0m[2m:[0m version: 3.0.3
[2m2025-12-28T15:30:45.704345Z[0m [34mDEBUG[0m [2mrisc0_zkvm::host::client::prove::external[0m[2m:[0m Launching r0vm
[2m2025-12-28T15:30:45.781916Z[0m [33m WARN[0m [2mrollup_node::proof_adapter[0m[2m:[0m Real prover failed (No such file or directory (os error 2)), falling back to mock proof
[2m2025-12-28T15:30:45.782174Z[0m [33m WARN[0m [2mrollup_node::proof_adapter[0m[2m:[0m Verified as mock proof fallback (real prover unavailable)
[2m2025-12-28T15:30:58.177843Z[0m [34mDEBUG[0m [2mrisc0_zkvm::host::client::prove[0m[2m:[0m version: 3.0.3
[2m2025-12-28T15:30:58.179019Z[0m [34mDEBUG[0m [2mrisc0_zkvm::host::client::prove::external[0m[2m:[0m Launching r0vm
[2m2025-12-28T15:30:58.253441Z[0m [33m WARN[0m [2mrollup_node::proof_adapter[0m[2m:[0m Real prover failed (No such file or directory (os error 2)), falling back to mock proof
[2m2025-12-28T15:30:58.253677Z[0m [33m WARN[0m [2mrollup_node::proof_adapter[0m[2m:[0m Verified as mock proof fallback (real prover unavailable)
[2m2025-12-28T15:31:09.838569Z[0m [34mDEBUG[0m [2mrisc0_zkvm::host::client::prove[0m[2m:[0m version: 3.0.3
[2m2025-12-28T15:31:09.840138Z[0m [34mDEBUG[0m [2mrisc0_zkvm::host::client::prove::external[0m[2m:[0m Launching r0vm
[2m2025-12-28T15:31:09.928057Z[0m [33m WARN[0m [2mrollup_node::proof_adapter[0m[2m:[0m Real prover failed (No such file or directory (os error 2)), falling back to mock proof
[2m2025-12-28T15:31:09.928312Z[0m [33m WARN[0m [2mrollup_node::proof_adapter[0m[2m:[0m Verified as mock proof fallback (real prover unavailable)
[2m2025-12-28T15:31:22.002360Z[0m [34mDEBUG[0m [2mrisc0_zkvm::host::client::prove[0m[2m:[0m version: 3.0.3
[2m2025-12-28T15:31:22.004236Z[0m [34mDEBUG[0m [2mrisc0_zkvm::host::client::prove::external[0m[2m:[0m Launching r0vm
[2m2025-12-28T15:31:22.083617Z[0m [33m WARN[0m [2mrollup_node::proof_adapter[0m[2m:[0m Real prover failed (No such file or directory (os error 2)), falling back to mock proof
[2m2025-12-28T15:31:22.083863Z[0m [33m WARN[0m [2mrollup_node::proof_adapter[0m[2m:[0m Verified as mock proof fallback (real prover unavailable)
[2m2025-12-28T15:31:34.407351Z[0m [34mDEBUG[0m [2mrisc0_zkvm::host::client::prove[0m[2m:[0m version: 3.0.3
[2m2025-12-28T15:31:34.408732Z[0m [34mDEBUG[0m [2mrisc0_zkvm::host::client::prove::external[0m[2m:[0m Launching r0vm
[2m2025-12-28T15:31:34.498656Z[0m [33m WARN[0m [2mrollup_node::proof_adapter[0m[2m:[0m Real prover failed (No such file or directory (os error 2)), falling back to mock proof
[2m2025-12-28T15:31:34.498946Z[0m [33m WARN[0m [2mrollup_node::proof_adapter[0m[2m:[0m Verified as mock proof fallback (real prover unavailable)
[2m2025-12-28T15:31:46.313038Z[0m [34mDEBUG[0m [2mrisc0_zkvm::host::client::prove[0m[2m:[0m version: 3.0.3
[2m2025-12-28T15:31:46.314110Z[0m [34mDEBUG[0m [2mrisc0_zkvm::host::client::prove::external[0m[2m:[0m Launching r0vm
[2m2025-12-28T15:31:46.429040Z[0m [33m WARN[0m [2mrollup_node::proof_adapter[0m[2m:[0m Real prover failed (No such file or directory (os error 2)), falling back to mock proof
[2m2025-12-28T15:31:46.429416Z[0m [33m WARN[0m [2mrollup_node::proof_adapter[0m[2m:[0m Verified as mock proof fallback (real prover unavailable)
